Archive Project report for proyecto3
Tue Jan 02 20:24:43 2024
Quartus Prime Version 17.1.0 Build 590 10/25/2017 SJ Lite Edition


---------------------
; Table of Contents ;
---------------------
  1. Legal Notice
  2. Archive Project Summary
  3. Archive Project Messages
  4. Files Archived



----------------
; Legal Notice ;
----------------
Copyright (C) 2017  Intel Corporation. All rights reserved.
Your use of Intel Corporation's design tools, logic functions 
and other software and tools, and its AMPP partner logic 
functions, and any output files from any of the foregoing 
(including device programming or simulation files), and any 
associated documentation or information are expressly subject 
to the terms and conditions of the Intel Program License 
Subscription Agreement, the Intel Quartus Prime License Agreement,
the Intel FPGA IP License Agreement, or other applicable license
agreement, including, without limitation, that your use is for
the sole purpose of programming logic devices manufactured by
Intel and sold by Intel or its authorized distributors.  Please
refer to the applicable agreement for further details.



+----------------------------------------------------------------+
; Archive Project Summary                                        ;
+------------------------+---------------------------------------+
; Archive Project Status ; Successful - Tue Jan 02 20:24:43 2024 ;
; Revision Name          ; proyecto3                             ;
; Top-level Entity Name  ; micro                                 ;
; Family                 ; Cyclone IV E                          ;
+------------------------+---------------------------------------+


+--------------------------+
; Archive Project Messages ;
+--------------------------+
Info: File Set 'Service request' contains:
    Info: Project source and settings files
    Info: Automatically detected source files
    Info: Report files
    Info: Programming output files
Warning: Hierarchical Platform Designer systems and custom IP components(_hw.tcl and associated files) are not archived by the Quartus Archiver
Info: Archive will store files relative to the closest common parent directory
Info (13213): Using common directory C:/Users/adamc/OneDrive/Escritorio/UNI/5toCUATRI/ISDIGI/PROYECTO3/versiones/version5/22_diciembre_restored/
Info: ----------------------------------------------------------
Info: ----------------------------------------------------------
Info: Generated archive 'C:/Users/adamc/OneDrive/Escritorio/UNI/5toCUATRI/ISDIGI/PROYECTO3/versiones/version5/22_diciembre_restored/2_de_enero.qar'
Info: ----------------------------------------------------------
Info: ----------------------------------------------------------
Info: Generated report 'proyecto3.archive.rpt'
Info (23030): Evaluation of Tcl script c:/intelfpga_lite/17.1/quartus/common/tcl/apps/qpm/qar.tcl was successful
Info: Quartus Prime Shell was successful. 0 errors, 1 warning
    Info: Peak virtual memory: 4854 megabytes
    Info: Processing ended: Tue Jan 02 20:24:43 2024
    Info: Elapsed time: 00:00:03
    Info: Total CPU time (on all processors): 00:00:01


+------------------------------------+
; Files Archived                     ;
+------------------------------------+
; File Name                          ;
+------------------------------------+
; ALU.sv                             ;
; ALU_CONTROL.sv                     ;
; assignment_defaults.qdf            ;
; Banco_registros.sv                 ;
; Control.sv                         ;
; fase1.sv                           ;
; ImmGen.sv                          ;
; micro.sv                           ;
; mux1.sv                            ;
; mux2.sv                            ;
; output_files/proyecto3.asm.rpt     ;
; output_files/proyecto3.eda.rpt     ;
; output_files/proyecto3.fit.rpt     ;
; output_files/proyecto3.fit.smsg    ;
; output_files/proyecto3.fit.summary ;
; output_files/proyecto3.flow.rpt    ;
; output_files/proyecto3.jdi         ;
; output_files/proyecto3.map.rpt     ;
; output_files/proyecto3.map.smsg    ;
; output_files/proyecto3.map.summary ;
; output_files/proyecto3.pin         ;
; output_files/proyecto3.sld         ;
; output_files/proyecto3.sof         ;
; output_files/proyecto3.sta.rpt     ;
; output_files/proyecto3.sta.summary ;
; pc.sv                              ;
; proyecto3.qpf                      ;
; proyecto3.qsf                      ;
; PUERTA_AND.sv                      ;
; RAM.sv                             ;
; ram.txt                            ;
; registro_ex_mem.sv                 ;
; registro_id_ex.sv                  ;
; registro_if_id.sv                  ;
; registro_mem_wb.sv                 ;
; ROM.sv                             ;
; seleccionconnops.txt               ;
; sumador1.sv                        ;
; sumador2.sv                        ;
; tb_ALU_CONTROL.sv                  ;
; tb_fase1.sv                        ;
; tb_micro.sv                        ;
; tb_micro2.sv                       ;
+------------------------------------+


